C51 COMPILER V9.60.0.0   INTERRUPT                                                         03/15/2022 22:42:27 PAGE 1   


C51 COMPILER V9.60.0.0, COMPILATION OF MODULE INTERRUPT
NO OBJECT MODULE REQUESTED
COMPILER INVOKED BY: C:\Keil_v5\C51\BIN\C51.EXE interrupt.c OPTIMIZE(8,SPEED) BROWSE DEBUG OBJECTEXTEND PRINT(.\Listings
                    -\interrupt.lst) TABS(2) SRC(.\Objects\interrupt.SRC)

line level    source

   1          #include <reg51.h>
   2          #include "interrupt.h"
   3          #include "port.h"
   4          
   5          void INT_Init()
   6          { 
   7   1        IT1 = 1;
   8   1        EX1 = 1;
   9   1        EA = 1;
  10   1      }


MODULE INFORMATION:   STATIC OVERLAYABLE
   CODE SIZE        =      7    ----
   CONSTANT SIZE    =   ----    ----
   XDATA SIZE       =   ----    ----
   PDATA SIZE       =   ----    ----
   DATA SIZE        =   ----    ----
   IDATA SIZE       =   ----    ----
   BIT SIZE         =   ----    ----
END OF MODULE INFORMATION.


C51 COMPILATION COMPLETE.  0 WARNING(S),  0 ERROR(S)
